// Jest Snapshot v1, https://goo.gl/fbAQLP

exports[`<RecentSearches /> should render correctly 1`] = `
<RecentSearches
  fetchForecast={[Function]}
  locations={
    Object {
      "ChIJVTPokywQkFQRmtVEaUZlJRA": Object {
        "address": "Seattle, WA, USA",
        "id": "ChIJVTPokywQkFQRmtVEaUZlJRA",
        "lat": 47.6062095,
        "lng": -122.3320708,
        "time": 1499098513,
      },
      "ChIJW-T2Wt7Gt4kRKl2I1CJFUsI": Object {
        "address": "Washington, DC, USA",
        "id": "ChIJW-T2Wt7Gt4kRKl2I1CJFUsI",
        "lat": 38.9071923,
        "lng": -77.03687070000001,
        "time": 1499061460,
      },
    }
  }
>
  <div
    className="recentSearches"
  >
    <div>
      <button
        className="recentSearches__btn"
        onClick={[Function]}
      >
        Show Recent Locations
      </button>
    </div>
  </div>
</RecentSearches>
`;
